[2025-02-18T14:50:02.820731+00:00] config.INFO: Database connection established. {"host":"mysql","dbname":"novelists_db"} []
[2025-02-18T14:50:04.675412+00:00] user_registration.INFO: Email sent successfully. {"to":"fabbria8@gmail.com"} []
[2025-02-18T14:50:18.550995+00:00] config.INFO: Database connection established. {"host":"mysql","dbname":"novelists_db"} []
[2025-02-18T14:50:18.576163+00:00] verify.INFO: Email verified successfully. {"email":"fabbria8@gmail.com"} []
[2025-02-18T14:50:29.989573+00:00] config.INFO: Database connection established. {"host":"mysql","dbname":"novelists_db"} []
[2025-02-18T14:50:30.163466+00:00] user_login.INFO: User logged in successfully. {"username":"fabbrino","ip":"172.23.0.1"} []
[2025-02-18T14:50:30.174081+00:00] config.INFO: Database connection established. {"host":"mysql","dbname":"novelists_db"} []
[2025-02-18T14:50:33.925034+00:00] config.INFO: Database connection established. {"host":"mysql","dbname":"novelists_db"} []
[2025-02-18T14:50:33.928568+00:00] user_dashboard.INFO: User novels fetched {"user_id":3,"novels_count":0} []
[2025-02-18T14:50:44.542749+00:00] config.INFO: Database connection established. {"host":"mysql","dbname":"novelists_db"} []
[2025-02-18T14:50:44.560265+00:00] config.INFO: Novel uploaded successfully. {"author_id":3,"title":"Banana","username":"fabbrino","ip":"172.23.0.1"} []
[2025-02-18T14:50:44.569493+00:00] config.INFO: Database connection established. {"host":"mysql","dbname":"novelists_db"} []
[2025-02-18T14:50:44.571598+00:00] user_dashboard.INFO: User novels fetched {"user_id":3,"novels_count":1} []
[2025-02-18T14:50:48.060107+00:00] config.INFO: Database connection established. {"host":"mysql","dbname":"novelists_db"} []
[2025-02-18T14:50:50.551438+00:00] config.INFO: Database connection established. {"host":"mysql","dbname":"novelists_db"} []
[2025-02-18T14:50:50.570367+00:00] user_mystories.INFO: Novel deleted successfully. {"user_id":3,"novel_id":2} []
[2025-02-18T14:50:50.579571+00:00] config.INFO: Database connection established. {"host":"mysql","dbname":"novelists_db"} []
[2025-02-18T14:50:54.188724+00:00] config.INFO: Database connection established. {"host":"mysql","dbname":"novelists_db"} []
[2025-02-18T14:50:54.192653+00:00] user_dashboard.INFO: User novels fetched {"user_id":3,"novels_count":0} []
[2025-02-18T14:51:02.471500+00:00] config.INFO: Database connection established. {"host":"mysql","dbname":"novelists_db"} []
[2025-02-18T14:51:02.472451+00:00] config.WARNING: No file was uploaded. [] []
[2025-02-18T14:51:02.485490+00:00] config.INFO: Database connection established. {"host":"mysql","dbname":"novelists_db"} []
[2025-02-18T14:51:02.488063+00:00] user_dashboard.INFO: User novels fetched {"user_id":3,"novels_count":0} []
[2025-02-18T14:55:29.558854+00:00] config.INFO: Database connection established. {"host":"mysql","dbname":"novelists_db"} []
[2025-02-18T14:55:29.570184+00:00] config.INFO: Database connection established. {"host":"mysql","dbname":"novelists_db"} []
[2025-02-18T14:56:20.162581+00:00] config.INFO: Database connection established. {"host":"mysql","dbname":"novelists_db"} []
[2025-02-18T14:56:23.648484+00:00] config.INFO: Database connection established. {"host":"mysql","dbname":"novelists_db"} []
[2025-02-18T14:56:23.650319+00:00] user_dashboard.WARNING: Session expired due to inactivity. {"session_id":"ac13cc6d38b2c18fe5dae2270e2a76ba","username":"fabbrino"} []
[2025-02-18T14:56:30.700955+00:00] config.INFO: Database connection established. {"host":"mysql","dbname":"novelists_db"} []
[2025-02-18T14:56:30.920965+00:00] user_login.INFO: User logged in successfully. {"username":"fabbrino","ip":"172.23.0.1"} []
[2025-02-18T14:56:30.932116+00:00] config.INFO: Database connection established. {"host":"mysql","dbname":"novelists_db"} []
[2025-02-18T14:56:32.682988+00:00] config.INFO: Database connection established. {"host":"mysql","dbname":"novelists_db"} []
[2025-02-18T14:56:32.685277+00:00] user_dashboard.INFO: User novels fetched {"user_id":3,"novels_count":0} []
[2025-02-18T14:56:44.141555+00:00] config.INFO: Database connection established. {"host":"mysql","dbname":"novelists_db"} []
[2025-02-18T14:56:44.152774+00:00] config.INFO: Database connection established. {"host":"mysql","dbname":"novelists_db"} []
[2025-02-18T14:56:44.154917+00:00] user_dashboard.INFO: User novels fetched {"user_id":3,"novels_count":0} []
[2025-02-18T14:57:09.197472+00:00] config.INFO: Database connection established. {"host":"mysql","dbname":"novelists_db"} []
[2025-02-18T14:57:09.198411+00:00] config.WARNING: Invalid file extension. {"extension":"png","ip":"172.23.0.1"} []
[2025-02-18T15:02:27.027635+00:00] config.INFO: Database connection established. {"host":"mysql","dbname":"novelists_db"} []
[2025-02-18T15:02:27.032122+00:00] config.WARNING: Invalid file extension. {"extension":"png","ip":"172.23.0.1"} []
[2025-02-18T15:02:27.040229+00:00] config.INFO: Database connection established. {"host":"mysql","dbname":"novelists_db"} []
[2025-02-18T15:02:27.041093+00:00] user_dashboard.WARNING: Session expired due to inactivity. {"session_id":"ae15cc4bd9ea4247054199c48767fbb6","username":"fabbrino"} []
[2025-02-18T15:03:21.848221+00:00] config.INFO: Database connection established. {"host":"mysql","dbname":"novelists_db"} []
[2025-02-18T15:03:21.849153+00:00] user_dashboard.WARNING: Unauthenticated user tried to access the dashboard. {"ip":"172.23.0.1"} []
[2025-02-18T15:03:32.433943+00:00] config.INFO: Database connection established. {"host":"mysql","dbname":"novelists_db"} []
[2025-02-18T15:03:32.656137+00:00] user_login.INFO: User logged in successfully. {"username":"fabbrino","ip":"172.23.0.1"} []
[2025-02-18T15:03:32.667003+00:00] config.INFO: Database connection established. {"host":"mysql","dbname":"novelists_db"} []
[2025-02-18T15:03:34.894356+00:00] config.INFO: Database connection established. {"host":"mysql","dbname":"novelists_db"} []
[2025-02-18T15:03:34.896481+00:00] user_dashboard.INFO: User novels fetched {"user_id":3,"novels_count":0} []
[2025-02-18T15:03:50.092039+00:00] config.INFO: Database connection established. {"host":"mysql","dbname":"novelists_db"} []
[2025-02-18T15:03:50.105585+00:00] config.INFO: Database connection established. {"host":"mysql","dbname":"novelists_db"} []
[2025-02-18T15:03:50.108260+00:00] user_dashboard.INFO: User novels fetched {"user_id":3,"novels_count":0} []
[2025-02-18T15:04:02.215701+00:00] config.INFO: Database connection established. {"host":"mysql","dbname":"novelists_db"} []
[2025-02-18T15:04:02.216822+00:00] config.WARNING: No file was uploaded. [] []
[2025-02-18T15:04:02.224579+00:00] config.INFO: Database connection established. {"host":"mysql","dbname":"novelists_db"} []
[2025-02-18T15:04:02.226540+00:00] user_dashboard.INFO: User novels fetched {"user_id":3,"novels_count":0} []
[2025-02-18T15:04:16.452735+00:00] config.INFO: Database connection established. {"host":"mysql","dbname":"novelists_db"} []
[2025-02-18T15:04:16.453982+00:00] config.WARNING: Invalid file extension. {"extension":"png","ip":"172.23.0.1"} []
[2025-02-18T15:04:16.462952+00:00] config.INFO: Database connection established. {"host":"mysql","dbname":"novelists_db"} []
[2025-02-18T15:04:16.464680+00:00] user_dashboard.INFO: User novels fetched {"user_id":3,"novels_count":0} []
