------------------------------------------------------------
Timing Analyzer Summary
------------------------------------------------------------

Type  : Slow 1100mV 85C Model Setup 'clk'
Slack : 2.446
TNS   : 0.000

Type  : Slow 1100mV 85C Model Hold 'clk'
Slack : 0.386
TNS   : 0.000

Type  : Slow 1100mV 85C Model Minimum Pulse Width 'clk'
Slack : 4.778
TNS   : 0.000

Type  : Slow 1100mV 0C Model Setup 'clk'
Slack : 2.369
TNS   : 0.000

Type  : Slow 1100mV 0C Model Hold 'clk'
Slack : 0.342
TNS   : 0.000

Type  : Slow 1100mV 0C Model Minimum Pulse Width 'clk'
Slack : 4.668
TNS   : 0.000

Type  : Fast 1100mV 85C Model Setup 'clk'
Slack : 5.751
TNS   : 0.000

Type  : Fast 1100mV 85C Model Hold 'clk'
Slack : 0.176
TNS   : 0.000

Type  : Fast 1100mV 85C Model Minimum Pulse Width 'clk'
Slack : 4.938
TNS   : 0.000

Type  : Fast 1100mV 0C Model Setup 'clk'
Slack : 5.858
TNS   : 0.000

Type  : Fast 1100mV 0C Model Hold 'clk'
Slack : 0.170
TNS   : 0.000

Type  : Fast 1100mV 0C Model Minimum Pulse Width 'clk'
Slack : 4.941
TNS   : 0.000

------------------------------------------------------------
